
> sewanagala-sugar-tour@0.1.0 build
> next build

   Ôû▓ Next.js 15.5.9
   - Environments: .env.local

   Creating an optimized production build ...
